<?xml version="1.0" encoding="UTF-8"?>
<testsuites name="jest tests" tests="2" failures="0" errors="0" time="1.436">
  <testsuite name="Create a new Wallet" errors="0" failures="0" skipped="0" timestamp="2022-04-14T05:36:59" time="1.237" tests="1">
    <testcase classname="Create a new Wallet GET /wallet/new - 201" name="Create a new Wallet GET /wallet/new - 201" time="0.021">
    </testcase>
  </testsuite>
  <testsuite name="Create a Wallet From Seed" errors="0" failures="0" skipped="0" timestamp="2022-04-14T05:36:59" time="1.237" tests="1">
    <testcase classname="Create a Wallet From Seed GET /wallet/fromseed - 201 [MAINNET]" name="Create a Wallet From Seed GET /wallet/fromseed - 201 [MAINNET]" time="0.015">
    </testcase>
  </testsuite>
</testsuites>